======================================================================
阶段1: 无边界蒙特卡洛投影验证（论文 §2.3.1 / Fig 6）
======================================================================

[检验 A/B] 投影算子性质（N 增大误差应 ~1/√N 下降）
  A1: 纯梯度(不衰减) u=(x,y) N=   1000: |proj(u)|_rms = 5.3741e-02   (应→0)
  A1: 纯梯度(不衰减) u=(x,y) N=  10000: |proj(u)|_rms = 5.0538e-02   (应→0)
  A1: 纯梯度(不衰减) u=(x,y) N=  50000: |proj(u)|_rms = 4.9797e-02   (应→0)
  A2: 纯梯度(局域化) u=grad(exp(-r^2)) N=   1000: |proj(u)|_rms = 1.4446e-01   (应→0)
  A2: 纯梯度(局域化) u=grad(exp(-r^2)) N=  10000: |proj(u)|_rms = 8.3742e-02   (应→0)
  A2: 纯梯度(局域化) u=grad(exp(-r^2)) N=  50000: |proj(u)|_rms = 7.5603e-02   (应→0)
  B:  无散度 u=(-y,x) N=   1000: |proj(u)-u|_rms = 1.9308e-02   (应→0)
  B:  无散度 u=(-y,x) N=  10000: |proj(u)-u|_rms = 5.2317e-03   (应→0)
  B:  无散度 u=(-y,x) N=  50000: |proj(u)-u|_rms = 2.2086e-03   (应→0)

[检验 C] 收敛测试：u=min(|x|,R)·x̂, R=0.3, 盒 [-0.5,0.5]^2
  计算高样本参考 (N_V=N_A=5e4)...
    参考计算耗时 2.3s
  N_V=     10: RMSE=9.8196e-02
  N_V=    100: RMSE=3.1328e-02
  N_V=   1000: RMSE=1.0019e-02
  N_V=  10000: RMSE=4.0037e-03
  N_V=  50000: RMSE=2.4611e-03
  N_A=     10: RMSE=8.9799e-02
  N_A=    100: RMSE=2.8211e-02
  N_A=   1000: RMSE=7.3563e-03
  N_A=  10000: RMSE=2.9718e-03
  N_A=  50000: RMSE=3.2143e-03

图已保存: C:\Users\jfhan\Desktop\MC_Fluid_Summer\results\projection_convergence.png
数据已保存: C:\Users\jfhan\Desktop\MC_Fluid_Summer\results\projection_convergence.log
